[dotenv@17.2.3] injecting env (1) from server\.env -- tip: ? add observability to secrets: https://dotenvx.com/ops
=== Connecting DB (All Battle Skills Test) ===
Creating test game: SKILL_TEST_338
node : Test Failed: MongoServ
erError: E11000 duplicate key
 error collection: test.playe
rs index: playerCode_1 dup ke
y: { playerCode: "P1" }
位於 線路:1 字元:1
+ node server/tests/verify_pa
ssive_skills.js > test_output
.txt 2>&1
+ ~~~~~~~~~~~~~~~~~~~~~~~~~~~
~~~~~~~~~~~~~~~~~~~~~~~~~~~~~
~~~~~~~~~
    + CategoryInfo           
   : NotSpecified: (Test Fa  
  iled: Mo...yerCode: "P1"   
  }:String) [], RemoteExc    
eption
    + FullyQualifiedErrorId  
   : NativeCommandError
 
    at InsertOneOperation.han
dleOk (D:\forest-evolution-ga
me\server\node_modules\mongod
b\lib\operations\insert.js:51
:19)
    at tryOperation (D:\fores
t-evolution-game\server\node_
modules\mongodb\lib\operation
s\execute_operation.js:214:34
)
    at process.processTicksAn
dRejections (node:internal/pr
ocess/task_queues:105:5)
    at async executeOperation
 (D:\forest-evolution-game\se
rver\node_modules\mongodb\lib
\operations\execute_operation
.js:78:16)
    at async Collection.inser
tOne (D:\forest-evolution-gam
e\server\node_modules\mongodb
\lib\collection.js:154:16) {
  errorLabelSet: Set(0) {},
  errorResponse: {
    index: 0,
    code: 11000,
    errmsg: 'E11000 duplicate
 key error collection: test.p
layers index: playerCode_1 du
p key: { playerCode: "P1" }',
    keyPattern: { playerCode:
 1 },
    keyValue: { playerCode: '
P1' }
  },
  index: 0,
  code: 11000,
  keyPattern: { playerCode: 1
 },
  keyValue: { playerCode: 'P1
' }
}
