=== ??皜祈岫??璈? (v1.9.10) ===

[1] 甇?撱箇??...
?撱箇???嚗誨蝣? 9XXCSR

[2] ?拙振??...
?拙振1?: 皜祈岫?拙振1, ID: 6981f31d101609f50866b27b, HP: 28, 蝑?: 0
?拙振2?????
[3] 皜祈岫嚗蝑??挾 (waiting) ?岫??...
??皜祈岫??嚗?蝝◤?????撩?閮嚗??撠??嚗?瘜?蝝?

[4] 蝞∠??⊿?憪???..
?撌脤?憪?
[5] 皜祈岫嚗閮??挾?岫??...
????皜祈岫憭望?: Cannot read properties of undefined (reading 'level')

=== ??璈皜祈岫摰? ===
